// Jest Snapshot v1, https://goo.gl/fbAQLP

exports[`ResultList Component renders the UI as expected 1`] = `
<div>
  <h2
    className="results-header"
  >
    Results
  </h2>
  <ul>
    <li>
      <h4>
        Luke Skywalker
      </h4>
    </li>
  </ul>
</div>
`;
